../Application/User/gui/src/game_rule/rule_forty_lines.cpp:7:5:virtual int FortyLines::update_score()	0	static
../Application/User/gui/src/game_rule/rule_forty_lines.cpp:12:6:virtual bool FortyLines::is_game_clear()	0	static
../Application/User/gui/src/game_rule/rule_forty_lines.cpp:24:6:virtual bool FortyLines::time_and_level_update()	0	static
../Application/User/gui/src/game_rule/rule_forty_lines.cpp:29:5:virtual int FortyLines::get_level()	0	static
../../TouchGFX/gui/include/game_rule/rule_forty_lines.hpp:7:7:FortyLines::~FortyLines()	0	static
../Application/User/gui/src/game_rule/rule_forty_lines.cpp:14:6:virtual bool FortyLines::is_game_over()	8	static
../../TouchGFX/gui/include/game_rule/rule_forty_lines.hpp:7:7:virtual FortyLines::~FortyLines()	8	static
../Application/User/gui/src/game_rule/rule_forty_lines.cpp:5:1:FortyLines::FortyLines(Board&)	8	static
../Application/User/gui/src/game_rule/rule_forty_lines.cpp:32:1:cpp)	0	static
../Application/User/gui/src/game_rule/rule_forty_lines.cpp:32:1:cpp)	0	static
