../Application/User/tetris/src/render/mock_renderer.cpp:9:6:virtual void MockRenderer::render_background()	0	static
../Application/User/tetris/src/render/mock_renderer.cpp:29:6:virtual void MockRenderer::render_next_block(const int*)	0	static
../Application/User/tetris/src/render/mock_renderer.cpp:35:6:virtual void MockRenderer::render_score(int)	0	static
../../TouchGFX/gui/include/render/mock_renderer.hpp:9:7:MockRenderer::~MockRenderer()	0	static
../Application/User/tetris/src/render/mock_renderer.cpp:24:6:virtual void MockRenderer::render_timer(int)	0	static
../Application/User/tetris/src/render/mock_renderer.cpp:11:6:virtual void MockRenderer::render_board(const Board&, const Tetromino&)	24	static
../../TouchGFX/gui/include/render/mock_renderer.hpp:9:7:virtual MockRenderer::~MockRenderer()	8	static
../Application/User/tetris/src/render/mock_renderer.cpp:49:35:cpp)	0	static
../Application/User/tetris/src/render/mock_renderer.cpp:49:35:cpp)	0	static
