C:\ST\STM32CubeIDE_1.16.0\STM32CubeIDE\plugins\com.st.stm32cube.ide.mcu.externaltools.gnu-tools-for-stm32.12.3.rel1.win32_1.0.200.202406191623\tools\arm-none-eabi\include\c++\12.3.1\bits\basic_string.h:642:7:std::__cxx11::basic_string<_CharT, _Traits, _Alloc>::basic_string(const _CharT*, const _Alloc&) [with _CharT = char; _Traits = std::char_traits<char>; _Alloc = std::allocator<char>]	24	static
../Application/User/tetris/src/render/theme.cpp:31:6:void Theme::set(Color, RGB)	16	static
../Application/User/tetris/src/render/theme.cpp:36:8:std::string Theme::color(Color, bool) const	56	static
../Application/User/tetris/src/render/theme.cpp:58:6:void Theme::set_dracula_theme()	16	static
../Application/User/tetris/src/render/theme.cpp:11:1:Theme::Theme()	8	static
../Application/User/tetris/src/render/theme.cpp:5:8:static Theme& Theme::getInstance()	8	static
../Application/User/tetris/src/render/theme.cpp:74:6:void Theme::set_monokai_theme()	16	static
../Application/User/tetris/src/render/theme.cpp:90:6:void Theme::set_nord_theme()	16	static
../Application/User/tetris/src/render/theme.cpp:106:6:void Theme::set_solarized_dark_theme()	12	static
../Application/User/tetris/src/render/theme.cpp:13:6:void Theme::apply(ThemeKey)	0	static
../Application/User/tetris/src/render/theme.cpp:122:67:cpp)	8	static
../Application/User/tetris/src/render/theme.cpp:122:67:cpp)	16	static
