../Application/User/gui/src/render/mock_renderer.cpp:17:6:virtual void MockRenderer::show_cursor()	0	static
../Application/User/gui/src/render/mock_renderer.cpp:26:6:virtual void MockRenderer::set_cursor(Pos)	8	static
../Application/User/gui/src/render/mock_renderer.cpp:47:6:virtual void MockRenderer::print_s(std::string, Color)	0	static
../Application/User/gui/src/render/mock_renderer.cpp:49:6:virtual void MockRenderer::print_s(std::string, Color, Color)	4	static
../../TouchGFX/gui/include/render/mock_renderer.hpp:8:7:MockRenderer::~MockRenderer()	0	static
../Application/User/gui/src/render/mock_renderer.cpp:24:6:virtual void MockRenderer::set_cursor(int, int)	0	static
../Application/User/gui/src/render/mock_renderer.cpp:54:6:virtual void MockRenderer::print_s(std::string)	0	static
../Application/User/gui/src/render/mock_renderer.cpp:9:6:virtual void MockRenderer::clear()	32	static
../../TouchGFX/gui/include/render/mock_renderer.hpp:8:7:virtual MockRenderer::~MockRenderer()	8	static
../../TouchGFX/gui/include/render/theme.hpp:34:20:std::string get_color(Color)	16	static
../Application/User/gui/src/render/mock_renderer.cpp:28:6:virtual void MockRenderer::set_color(Color)	32	static
../Application/User/gui/src/render/mock_renderer.cpp:30:6:virtual void MockRenderer::set_color(Color, Color)	64	static
../Application/User/gui/src/render/mock_renderer.cpp:35:6:virtual void MockRenderer::print_s(const char*, Color)	96	static
../Application/User/gui/src/render/mock_renderer.cpp:41:6:virtual void MockRenderer::print_s(const char*, Color, Color)	104	static
../Application/User/gui/src/render/mock_renderer.cpp:54:65:cpp)	0	static
../Application/User/gui/src/render/mock_renderer.cpp:54:65:cpp)	0	static
