../Application/User/tetris/src/game_rule/rule_zen.cpp:38:6:virtual bool ZEN::is_game_clear()	0	static
../Application/User/tetris/src/game_rule/rule_zen.cpp:50:6:virtual bool ZEN::time_and_level_update()	0	static
../Application/User/tetris/src/game_rule/rule_zen.cpp:61:5:virtual int ZEN::get_level()	0	static
../../TouchGFX/gui/include/game_rule/rule_zen.hpp:7:7:ZEN::~ZEN()	0	static
../Application/User/tetris/src/game_rule/rule_zen.cpp:21:5:virtual int ZEN::update_score()	16	static
../Application/User/tetris/src/game_rule/rule_zen.cpp:40:6:virtual bool ZEN::is_game_over()	8	static
../../TouchGFX/gui/include/game_rule/rule_zen.hpp:7:7:virtual ZEN::~ZEN()	8	static
../Application/User/tetris/src/game_rule/rule_zen.cpp:5:1:ZEN::ZEN(Board&)	8	static
../Application/User/tetris/src/game_rule/rule_zen.cpp:61:46:cpp)	0	static
../Application/User/tetris/src/game_rule/rule_zen.cpp:61:46:cpp)	0	static
