../Application/User/tetris/src/game_rule/rule_blitz.cpp:24:6:virtual bool BLITZ::is_game_clear()	0	static
../Application/User/tetris/src/game_rule/rule_blitz.cpp:40:6:virtual bool BLITZ::time_and_level_update()	0	static
../Application/User/tetris/src/game_rule/rule_blitz.cpp:45:5:virtual int BLITZ::get_level()	0	static
../../TouchGFX/gui/include/game_rule/rule_blitz.hpp:7:7:BLITZ::~BLITZ()	0	static
../Application/User/tetris/src/game_rule/rule_blitz.cpp:7:5:virtual int BLITZ::update_score()	16	static
../Application/User/tetris/src/game_rule/rule_blitz.cpp:30:6:virtual bool BLITZ::is_game_over()	8	static
../../TouchGFX/gui/include/game_rule/rule_blitz.hpp:7:7:virtual BLITZ::~BLITZ()	8	static
../Application/User/tetris/src/game_rule/rule_blitz.cpp:5:1:BLITZ::BLITZ(Board&)	8	static
../Application/User/tetris/src/game_rule/rule_blitz.cpp:48:1:cpp)	0	static
../Application/User/tetris/src/game_rule/rule_blitz.cpp:48:1:cpp)	0	static
