C:/TouchGFXProjects/MyApplication_5/Core/Src/main.c:893:13:SPI5_Write	1
C:/TouchGFXProjects/MyApplication_5/Core/Src/main.c:1005:6:StartDefaultTask	1
C:/TouchGFXProjects/MyApplication_5/Core/Src/main.c:153:5:__io_putchar	2
C:/TouchGFXProjects/MyApplication_5/Core/Src/main.c:264:6:SystemClock_Config	1
C:/TouchGFXProjects/MyApplication_5/Core/Src/main.c:166:5:main	1
C:/TouchGFXProjects/MyApplication_5/Core/Src/main.c:737:6:IOE_Init	1
C:/TouchGFXProjects/MyApplication_5/Core/Src/main.c:746:6:IOE_ITConfig	1
C:/TouchGFXProjects/MyApplication_5/Core/Src/main.c:758:6:IOE_Write	1
C:/TouchGFXProjects/MyApplication_5/Core/Src/main.c:769:9:IOE_Read	1
C:/TouchGFXProjects/MyApplication_5/Core/Src/main.c:782:10:IOE_ReadMultiple	1
C:/TouchGFXProjects/MyApplication_5/Core/Src/main.c:791:6:IOE_Delay	1
C:/TouchGFXProjects/MyApplication_5/Core/Src/main.c:919:6:LCD_IO_Init	1
C:/TouchGFXProjects/MyApplication_5/Core/Src/main.c:929:6:LCD_IO_WriteData	1
C:/TouchGFXProjects/MyApplication_5/Core/Src/main.c:945:6:LCD_IO_WriteReg	1
C:/TouchGFXProjects/MyApplication_5/Core/Src/main.c:964:10:LCD_IO_ReadData	1
C:/TouchGFXProjects/MyApplication_5/Core/Src/main.c:991:6:LCD_Delay	1
C:/TouchGFXProjects/MyApplication_5/Core/Src/main.c:1024:6:HAL_TIM_PeriodElapsedCallback	2
C:/TouchGFXProjects/MyApplication_5/Core/Src/main.c:1041:6:Error_Handler	1
